// Jest Snapshot v1, https://goo.gl/fbAQLP

exports[`render hot topic should renders correctly 1`] = `
<div
  className="hot-topic-wrapper"
>
  <div
    className="hot-topic-inner"
  >
    <h3
      className="category-title"
    >
      <span
        href="/"
        onClick={[Function]}
        onMouseEnter={[Function]}
      >
        <span>
          chủ đề hot
        </span>
        <span>
          <span
            aria-label="right"
            className="anticon anticon-right"
            role="img"
          >
            <svg
              aria-hidden="true"
              data-icon="right"
              fill="currentColor"
              focusable="false"
              height="1em"
              viewBox="64 64 896 896"
              width="1em"
            >
              <path
                d="M765.7 486.8L314.9 134.7A7.97 7.97 0 00302 141v77.3c0 4.9 2.3 9.6 6.1 12.6l360 281.1-360 281.1c-3.9 3-6.1 7.7-6.1 12.6V883c0 6.7 7.7 10.4 12.9 6.3l450.8-352.1a31.96 31.96 0 000-50.4z"
              />
            </svg>
          </span>
        </span>
      </span>
    </h3>
    <ul
      className="topic-list"
    >
      <li
        className="topic-item"
      >
        <span
          href="https://avatar-ex-swe.nixcdn.com/topic/image-1440/2020/09/04/e/3/7/5/1599203331252_640.png"
          onClick={[Function]}
          onMouseEnter={[Function]}
        >
          <img
            alt="topic"
            height={100}
            src="https://avatar-ex-swe.nixcdn.com/topic/mobile/2020/09/04/5/9/2/a/1599203330765.jpg"
            width={300}
          />
        </span>
      </li>
      <li
        className="topic-item"
      >
        <span
          href="https://avatar-ex-swe.nixcdn.com/topic/image-1440/2020/06/19/e/d/d/3/1592557329285_640.png"
          onClick={[Function]}
          onMouseEnter={[Function]}
        >
          <img
            alt="topic"
            height={100}
            src="https://avatar-ex-swe.nixcdn.com/topic/mobile/2020/06/17/7/b/3/b/1592361925321.jpg"
            width={300}
          />
        </span>
      </li>
      <li
        className="topic-item"
      >
        <span
          href="https://avatar-ex-swe.nixcdn.com/topic/image-1440/2020/08/13/0/0/b/a/1597291431177_640.png"
          onClick={[Function]}
          onMouseEnter={[Function]}
        >
          <img
            alt="topic"
            height={100}
            src="https://avatar-ex-swe.nixcdn.com/topic/mobile/2020/08/13/e/5/a/b/1597291430551.jpg"
            width={300}
          />
        </span>
      </li>
      <li
        className="topic-item"
      >
        <span
          href="https://avatar-ex-swe.nixcdn.com/topic/image-1440/2020/08/13/0/0/b/a/1597291766974_640.png"
          onClick={[Function]}
          onMouseEnter={[Function]}
        >
          <img
            alt="topic"
            height={100}
            src="https://avatar-ex-swe.nixcdn.com/topic/mobile/2020/08/13/e/5/a/b/1597291766403.jpg"
            width={300}
          />
        </span>
      </li>
      <li
        className="topic-item"
      >
        <span
          href="https://avatar-ex-swe.nixcdn.com/topic/image-1440/2021/03/11/4/6/a/e/1615451482817_640.png"
          onClick={[Function]}
          onMouseEnter={[Function]}
        >
          <img
            alt="topic"
            height={100}
            src="https://avatar-ex-swe.nixcdn.com/topic/mobile/2021/03/11/c/1/2/6/1615451437099.jpg"
            width={300}
          />
        </span>
      </li>
    </ul>
  </div>
</div>
`;
